C:\Users\yoyis>cd AppMoviles

C:\Users\yoyis\AppMoviles>git status
warning: could not open directory 'AppData/Local/Archivos temporales de Internet/': Permission denied
warning: could not open directory 'Configuraci├│n local/': Permission denied
warning: could not open directory 'Cookies/': Permission denied
warning: could not open directory 'Datos de programa/': Permission denied
warning: could not open directory 'Documents/Mi m├║sica/': Permission denied
warning: could not open directory 'Documents/Mis im├ígenes/': Permission denied
warning: could not open directory 'Documents/Mis v├¡deos/': Permission denied
warning: could not open directory 'Entorno de red/': Permission denied
warning: could not open directory 'Impresoras/': Permission denied
warning: could not open directory 'Men├║ Inicio/': Permission denied
warning: could not open directory 'Mis documentos/': Permission denied
warning: could not open directory 'Plantillas/': Permission denied
warning: could not open directory 'Reciente/': Permission denied
warning: could not open directory 'SendTo/': Permission denied
On branch master

No commits yet

Untracked files:
  (use "git add <file>..." to include in what will be committed)
        ../.bash_history
        ../.cache/
        ../.config/
        ../.expo/
        ../.gitconfig
        ../.lesshst
        ../.m2/
        ../.nbi/
        ../.node_repl_history
        ../.ssh/
        ../.viminfo
        ../.vscode/
        ../AppData/
        ../Contacts/
        ../Downloads/
        ../Favorites/
        ../Guia-Creativa-Privado/
        ../Guia-Creativa/
        ../IntelGraphicsProfiles/
        ../Links/
        ../Music/
        ../NTUSER.DAT
        ../NTUSER.DAT{62d86ae5-9b16-11ee-a18e-7c25daa8e710}.TM.blf
        ../NTUSER.DAT{62d86ae5-9b16-11ee-a18e-7c25daa8e710}.TMContainer00000000000000000001.regtrans-ms
        ../NTUSER.DAT{62d86ae5-9b16-11ee-a18e-7c25daa8e710}.TMContainer00000000000000000002.regtrans-ms
        ../OneDrive - Instituto Politecnico Nacional/
        ../OneDrive/
        ../Saved Games/
        ../Searches/
        ../Videos/
        ../fibonatix30-vsnrgjsutaqlcytayck/
        ../ntuser.dat.LOG1
        ../ntuser.dat.LOG2
        ../ntuser.ini

nothing added to commit but untracked files present (use "git add" to track)

C:\Users\yoyis\AppMoviles>git init
Initialized empty Git repository in C:/Users/yoyis/AppMoviles/.git/

C:\Users\yoyis\AppMoviles>git status
On branch master

No commits yet

nothing to commit (create/copy files and use "git add" to track)

C:\Users\yoyis\AppMoviles>code .

C:\Users\yoyis\AppMoviles>git add index.html

C:\Users\yoyis\AppMoviles>git status
On branch master

No commits yet

Changes to be committed:
  (use "git rm --cached <file>..." to unstage)
        new file:   index.html

Untracked files:
  (use "git add <file>..." to include in what will be committed)
        script.js
        texto.txt


C:\Users\yoyis\AppMoviles>git add .

C:\Users\yoyis\AppMoviles>git status
On branch master

No commits yet

Changes to be committed:
  (use "git rm --cached <file>..." to unstage)
        new file:   index.html
        new file:   script.js
        new file:   texto.txt


C:\Users\yoyis\AppMoviles>git commit -m "agregam
os los archivos"
[master (root-commit) a08378a] agregamos los archivos
 3 files changed, 0 insertions(+), 0 deletions(-)
 create mode 100644 index.html
 create mode 100644 script.js
 create mode 100644 texto.txt

C:\Users\yoyis\AppMoviles>git log
commit a08378a02e713ac1f3eedb15d60952fe9ba11096 (HEAD -> master)
Author: Karol <kherreram2200@alumno.ipn.mx>
Date:   Thu Sep 12 00:13:20 2024 -0600

    agregamos los archivos

C:\Users\yoyis\AppMoviles>git remote add origin https://github.com/karolm0406/Aplicaciones-Moviles.git

C:\Users\yoyis\AppMoviles>git push -u origin main
error: src refspec main does not match any
error: failed to push some refs to 'https://github.com/karolm0406/Aplicaciones-Moviles.git'
                          git branch -M main
C:\Users\yoyis\AppMoviles>
C:\Users\yoyis\AppMoviles>git branch -M main

C:\Users\yoyis\AppMoviles>git push -u origin main
Enumerating objects: 3, done.
Counting objects: 100% (3/3), done.
Delta compression using up to 4 threads
Compressing objects: 100% (2/2), done.
Writing objects: 100% (3/3), 250 bytes | 83.00 KiB/s, done.
Total 3 (delta 0), reused 0 (delta 0), pack-reused 0 (from 0)
To https://github.com/karolm0406/Aplicaciones-Moviles.git
 * [new branch]      main -> main
branch 'main' set up to track 'origin/main'.
                          git push
Everything up-to-dateiles>

C:\Users\yoyis\AppMoviles>
C:\Users\yoyis\AppMoviles>git push
Everything up-to-date

C:\Users\yoyis\AppMoviles>